env: load .env
env: export EXPO_PUBLIC_SENTRY_DSN EXPO_PUBLIC_SUPABASE_ANON_KEY EXPO_PUBLIC_SUPABASE_URL
[33m› [1m[@sentry/react-native/expo][22m Missing config for [1morganization, project[22m. Environment variables will be used as a fallback during the build. https://docs.sentry.io/platforms/react-native/manual-setup/[0m
Starting Metro Bundler

| [33m› [1m[@sentry/react-native/expo][22m Missing config for [1morganization, project[22m. Environment variables will be used as a fallback during the build. https://docs.sentry.io/platforms/react-native/manual-setup/[0m
Web Bundled 91726ms node_modules\expo-router\entry.js (1630 modules)

› Assets (90):
node_modules\@expo-google-fonts\baloo-2\400Regular\Baloo2_400Regular.20f6d0043a8ab7fd4a6466f6f6611685.ttf (420KB)
node_modules\@expo-google-fonts\baloo-2\500Medium\Baloo2_500Medium.cf867a5944fb838010f772a139620a75.ttf (420KB)
node_modules\@expo-google-fonts\baloo-2\600SemiBold\Baloo2_600SemiBold.61e1563819bc0ab5fc68673fc4909c99.ttf (420KB)
node_modules\@expo-google-fonts\baloo-2\700Bold\Baloo2_700Bold.f57ab981c1dec25a04bea3cce20ea18c.ttf (420KB)
node_modules\@expo-google-fonts\baloo-2\800ExtraBold\Baloo2_800ExtraBold.15e8199eb1b3d423d8642f1837b3a9c4.ttf (420KB)
node_modules\@expo-google-fonts\baloo-tammudu-2\400Regular\BalooTammudu2_400Regular.7beb6f42c876b8e30434fcd30ccc6196.ttf (390KB)
node_modules\@expo-google-fonts\baloo-tammudu-2\500Medium\BalooTammudu2_500Medium.1317ce4b2a4479e6fdb6485124283eb1.ttf (391KB)
node_modules\@expo-google-fonts\baloo-tammudu-2\600SemiBold\BalooTammudu2_600SemiBold.46fe85018303c2befd1126b341b8c0ad.ttf (391KB)
node_modules\@expo-google-fonts\baloo-tammudu-2\700Bold\BalooTammudu2_700Bold.0f9b48e65eb80e6851ca5ddd60a12ce8.ttf (391KB)
node_modules\@expo-google-fonts\baloo-tammudu-2\800ExtraBold\BalooTammudu2_800ExtraBold.1f5cd57e6b964e934df146f9ee6337ca.ttf (389KB)
node_modules\@expo-google-fonts\bricolage-grotesque\200ExtraLight\BricolageGrotesque_200ExtraLight.0e66297d36d7f24484f3ec8a2232d6fc.ttf (91KB)
node_modules\@expo-google-fonts\bricolage-grotesque\300Light\BricolageGrotesque_300Light.a1f1439e622b6998c9b639bbf0a23f01.ttf (91KB)
node_modules\@expo-google-fonts\bricolage-grotesque\400Regular\BricolageGrotesque_400Regular.6586800789b30b19bbaeb349ca5d240a.ttf (91KB)
node_modules\@expo-google-fonts\bricolage-grotesque\500Medium\BricolageGrotesque_500Medium.1363130c7bdf956d164cb7e605619849.ttf (91KB)
node_modules\@expo-google-fonts\bricolage-grotesque\600SemiBold\BricolageGrotesque_600SemiBold.e5b5fc505484ff3ca24da73cba67c660.ttf (91KB)
node_modules\@expo-google-fonts\bricolage-grotesque\700Bold\BricolageGrotesque_700Bold.2f7de7a336f650f9cee5ed919cc3b003.ttf (91KB)
node_modules\@expo-google-fonts\bricolage-grotesque\800ExtraBold\BricolageGrotesque_800ExtraBold.5bfb4fa1f8907c768231d97bc27e8df9.ttf (91KB)
node_modules\@expo-google-fonts\inter\100Thin_Italic\Inter_100Thin_Italic.1b97f7df9b976cfe530c18c09598e6f6.ttf (347KB)
node_modules\@expo-google-fonts\inter\100Thin\Inter_100Thin.ddbb1cd55ad509e82377bd10beed6506.ttf (343KB)
node_modules\@expo-google-fonts\inter\200ExtraLight_Italic\Inter_200ExtraLight_Italic.3d0662838915a7a16d01c262735d3d29.ttf (347KB)
node_modules\@expo-google-fonts\inter\200ExtraLight\Inter_200ExtraLight.e1f33daee21eb5998b13d3e05264d9a3.ttf (343KB)
node_modules\@expo-google-fonts\inter\300Light_Italic\Inter_300Light_Italic.17f8f23a2852bfa14ce5bf590c2a0e2c.ttf (347KB)
node_modules\@expo-google-fonts\inter\300Light\Inter_300Light.d2994e3dea3856e1834395ad6cce32af.ttf (343KB)
node_modules\@expo-google-fonts\inter\400Regular_Italic\Inter_400Regular_Italic.36cad9f97595b7759264b945d64502b4.ttf (346KB)
node_modules\@expo-google-fonts\inter\400Regular\Inter_400Regular.51b6ad87261f18b6433ec52871ddfabc.ttf (342KB)
node_modules\@expo-google-fonts\inter\500Medium_Italic\Inter_500Medium_Italic.155406bfbfb023eb104728edfe62c0e9.ttf (346KB)
node_modules\@expo-google-fonts\inter\500Medium\Inter_500Medium.137ab18bace28dd0bd83eb3b8ed2bc54.ttf (343KB)
node_modules\@expo-google-fonts\inter\600SemiBold_Italic\Inter_600SemiBold_Italic.a349d1ac188e1a67689432f44de99849.ttf (347KB)
node_modules\@expo-google-fonts\inter\600SemiBold\Inter_600SemiBold.a5f35888d2da465de352e0dcfaf33324.ttf (344KB)
node_modules\@expo-google-fonts\inter\700Bold_Italic\Inter_700Bold_Italic.3398006c80026f0508aaaf4808950d56.ttf (348KB)
node_modules\@expo-google-fonts\inter\700Bold\Inter_700Bold.6e237de4f1f413afa2fcc45c77ac343a.ttf (344KB)
node_modules\@expo-google-fonts\inter\800ExtraBold_Italic\Inter_800ExtraBold_Italic.7ca909a56537d965feef41abe58b87e0.ttf (349KB)
node_modules\@expo-google-fonts\inter\800ExtraBold\Inter_800ExtraBold.6016034293c084aa0c056e83938bf1cc.ttf (345KB)
node_modules\@expo-google-fonts\inter\900Black_Italic\Inter_900Black_Italic.d5f78c24de59ce5e4bad405e10e71941.ttf (349KB)
node_modules\@expo-google-fonts\inter\900Black\Inter_900Black.bcec6eda9700a81ba92c483a2f2c02c1.ttf (345KB)
node_modules\@expo-google-fonts\noto-sans-devanagari\100Thin\NotoSansDevanagari_100Thin.28feb29b0849b968cf5809f44b1ce2a4.ttf (221KB)
node_modules\@expo-google-fonts\noto-sans-devanagari\200ExtraLight\NotoSansDevanagari_200ExtraLight.f99d4cb4e56e014ee7927fa30dd7a852.ttf (221KB)
node_modules\@expo-google-fonts\noto-sans-devanagari\300Light\NotoSansDevanagari_300Light.df48e5c8621fcaad4a9d76685d121709.ttf (221KB)
node_modules\@expo-google-fonts\noto-sans-devanagari\400Regular\NotoSansDevanagari_400Regular.6280ee10957050f070e385b5ffe6b250.ttf (221KB)
node_modules\@expo-google-fonts\noto-sans-devanagari\500Medium\NotoSansDevanagari_500Medium.f2e874f3515e187eb9129685037e4aa0.ttf (222KB)
node_modules\@expo-google-fonts\noto-sans-devanagari\600SemiBold\NotoSansDevanagari_600SemiBold.f246bd55ac91703c348601f11fc2e6df.ttf (222KB)
node_modules\@expo-google-fonts\noto-sans-devanagari\700Bold\NotoSansDevanagari_700Bold.ce0cc91bffe84b65b9243c3d02bc9f1a.ttf (222KB)
node_modules\@expo-google-fonts\noto-sans-devanagari\800ExtraBold\NotoSansDevanagari_800ExtraBold.dbba6fc0977d974f8392d1094814ddca.ttf (222KB)
node_modules\@expo-google-fonts\noto-sans-devanagari\900Black\NotoSansDevanagari_900Black.ca776cc91f70dbaffe7f478eb5797a17.ttf (221KB)
node_modules\@expo-google-fonts\noto-sans-telugu\100Thin\NotoSansTelugu_100Thin.e331327272261bb36ed1b865e927cd3a.ttf (180KB)
node_modules\@expo-google-fonts\noto-sans-telugu\200ExtraLight\NotoSansTelugu_200ExtraLight.f401e1b83f488af5391fc01a6403b82b.ttf (181KB)
node_modules\@expo-google-fonts\noto-sans-telugu\300Light\NotoSansTelugu_300Light.948455e654b98898256987c41e9e491f.ttf (181KB)
node_modules\@expo-google-fonts\noto-sans-telugu\400Regular\NotoSansTelugu_400Regular.57877c1829b6c151640c0601346da740.ttf (180KB)
node_modules\@expo-google-fonts\noto-sans-telugu\500Medium\NotoSansTelugu_500Medium.f790aea1250fc264f7f5fda2b085b36a.ttf (181KB)
node_modules\@expo-google-fonts\noto-sans-telugu\600SemiBold\NotoSansTelugu_600SemiBold.f27f8e1ec2a2fe30705770e710ff35bf.ttf (181KB)
node_modules\@expo-google-fonts\noto-sans-telugu\700Bold\NotoSansTelugu_700Bold.7d45ed56adfb3410d6f89be7372966a1.ttf (180KB)
node_modules\@expo-google-fonts\noto-sans-telugu\800ExtraBold\NotoSansTelugu_800ExtraBold.f528a3306a0a79fe1b4816b263b9ed54.ttf (181KB)
node_modules\@expo-google-fonts\noto-sans-telugu\900Black\NotoSansTelugu_900Black.6c1c95cba8a81e4ea17ee1b1bb1c9153.ttf (181KB)
node_modules\@expo\vector-icons\build\vendor\react-native-vector-icons\Fonts\AntDesign.3f78af31cca60105799838a1a7a59fbd.ttf (130KB)
node_modules\@expo\vector-icons\build\vendor\react-native-vector-icons\Fonts\Entypo.31b5ffea3daddc69dd01a1f3d6cf63c5.ttf (66KB)
node_modules\@expo\vector-icons\build\vendor\react-native-vector-icons\Fonts\EvilIcons.140c53a7643ea949007aa9a282153849.ttf (13KB)
node_modules\@expo\vector-icons\build\vendor\react-native-vector-icons\Fonts\Feather.ca4b48e04dc1ce10bfbddb262c8b835f.ttf (56KB)
node_modules\@expo\vector-icons\build\vendor\react-native-vector-icons\Fonts\FontAwesome.b06871f281fee6b241d60582ae9369b9.ttf (166KB)
node_modules\@expo\vector-icons\build\vendor\react-native-vector-icons\Fonts\FontAwesome5_Brands.3b89dd103490708d19a95adcae52210e.ttf (134KB)
node_modules\@expo\vector-icons\build\vendor\react-native-vector-icons\Fonts\FontAwesome5_Regular.1f77739ca9ff2188b539c36f30ffa2be.ttf (34KB)
node_modules\@expo\vector-icons\build\vendor\react-native-vector-icons\Fonts\FontAwesome5_Solid.605ed7926cf39a2ad5ec2d1f9d391d3d.ttf (203KB)
node_modules\@expo\vector-icons\build\vendor\react-native-vector-icons\Fonts\FontAwesome6_Brands.56c8d80832e37783f12c05db7c8849e2.ttf (209KB)
node_modules\@expo\vector-icons\build\vendor\react-native-vector-icons\Fonts\FontAwesome6_Regular.370dd5af19f8364907b6e2c41f45dbbf.ttf (68KB)
node_modules\@expo\vector-icons\build\vendor\react-native-vector-icons\Fonts\FontAwesome6_Solid.adec7d6f310bc577f05e8fe06a5daccf.ttf (424KB)
node_modules\@expo\vector-icons\build\vendor\react-native-vector-icons\Fonts\Fontisto.b49ae8ab2dbccb02c4d11caaacf09eab.ttf (314KB)
node_modules\@expo\vector-icons\build\vendor\react-native-vector-icons\Fonts\Foundation.e20945d7c929279ef7a6f1db184a4470.ttf (57KB)
node_modules\@expo\vector-icons\build\vendor\react-native-vector-icons\Fonts\Ionicons.b4eb097d35f44ed943676fd56f6bdc51.ttf (390KB)
node_modules\@expo\vector-icons\build\vendor\react-native-vector-icons\Fonts\MaterialCommunityIcons.6e435534bd35da5fef04168860a9b8fa.ttf (1.3MB)
node_modules\@expo\vector-icons\build\vendor\react-native-vector-icons\Fonts\MaterialIcons.4e85bc9ebe07e0340c9c4fc2f6c38908.ttf (357KB)
node_modules\@expo\vector-icons\build\vendor\react-native-vector-icons\Fonts\Octicons.871378c6eab492a3e689a9385dc45a12.ttf (69KB)
node_modules\@expo\vector-icons\build\vendor\react-native-vector-icons\Fonts\SimpleLineIcons.d2285965fe34b05465047401b8595dd0.ttf (54KB)
node_modules\@expo\vector-icons\build\vendor\react-native-vector-icons\Fonts\Zocial.1681f34aaca71b8dfb70756bca331eb2.ttf (26KB)
node_modules\expo-router\assets\arrow_down.017bc6ba3fc25503e5eb5e53826d48a8.png (9.5KB)
node_modules\expo-router\assets\error.d1ea1496f9057eb392d5bbf3732a61b7.png (469B)
node_modules\expo-router\assets\file.19eeb73b9593a38f8e9f418337fc7d10.png (138B)
node_modules\expo-router\assets\forward.d8b800c443b8972542883e0b9de2bdc6.png (188B)
node_modules\expo-router\assets\pkg.ab19f4cbc543357183a20571f68380a3.png (364B)
node_modules\expo-router\assets\react-navigation\elements\back-icon-mask.0a328cd9c1afd0afe8e3b1ec5165b1b4.png (653B)
node_modules\expo-router\assets\react-navigation\elements\back-icon.35ba0eaec5a4f5ed12ca16fabeae451d.png (207B)
node_modules\expo-router\assets\react-navigation\elements\clear-icon.c94f6478e7ae0cdd9f15de1fcb9e5e55.png (4 variations | 425B)
node_modules\expo-router\assets\react-navigation\elements\close-icon.808e1b1b9b53114ec2838071a7e6daa7.png (4 variations | 235B)
node_modules\expo-router\assets\react-navigation\elements\search-icon.286d67d3f74808a60a78d3ebf1a5fb57.png (928B)
node_modules\expo-router\assets\sitemap.412dd9275b6b48ad28f5e3d81bb1f626.png (465B)
node_modules\expo-router\assets\unmatched.20e71bdf79e3a97bf55fd9e164041578.png (4.8KB)

› web bundles (2):
_expo/static/js/web/entry-0ed350f3669bdd1aa201e5f74fd725b6.js (3.5MB)
_expo/static/js/web/index-822f165f421386b565ee2ce2afe73162.js (46KB)

› Files (3):
favicon.ico (15KB)
index.html (1.2KB)
metadata.json (49B)

Exported: dist

real	2m38.516s
user	0m0.151s
sys	0m0.245s
